exports[`<AddColorForm /> UI Componnet Rendering the UI renders correctly 1`] = `
<form
  className="add-color"
  onSubmit={[Function]}>
  <input
    placeholder="color title..."
    required={true}
    type="text" />
  <input
    required={true}
    type="color" />
  <button>
    ADD
  </button>
</form>
`;
